/cpa/b/c/d
/ (D)
|-- a (D)
|   \-- b (D)
|       \-- c (D)
|           \-- d (D)
|-- cpa (D)
|   \-- b (D)
|       \-- c (D)
|           \-- d (D)
\-- copycopya (D)
    \-- b (D)
        \-- c (D)
            \-- d (D)
/ (D)
|-- a (D)
|   \-- b (D)
|       \-- c (D)
|           \-- d (D)
\-- cpa (D)
    \-- b (D)
        \-- c (D)
            \-- d (D)
