Parsing file src/test/test_main/input/main_test_1_verbose.txt ...
/$ echo
/$ echo one
one
/$ echo one two
one two
/$ echo one two
one two
/$ echo one two
one two
/$ echo one two
one two
/$ echo one two
one two
