Parsing file src/test/test_main/input/sujet_example_verbose.txt ...
/$ mkdir Cours
/$ cd Cours
/Cours$ mkdir ProjetC
/Cours$ mkdir Anglais
/Cours$ cd
/$ touch edt
/$ cp Cours /Td
/$ rm /Td/ProjetC
/$ rm /Td/Anglais
/$ cd Td
/Td$ mkdir td1
/Td$ mkdir td2
/Td$ cp /Cours/ProjetC CopieProjet
/Td$ cd
/$ mv Td /Cours/Td
/$ print
/ (D)
|-- Cours (D)
|   |-- ProjetC (D)
|   |-- Anglais (D)
|   \-- Td (D)
|       |-- td1 (D)
|       |-- td2 (D)
|       \-- CopieProjet (D)
\-- edt (F)
/$ exit
