Parsing file src/test/test_main/input/test_only_new_line_fails_verbose.txt ...
