Parsing file src/test/test_main/input/test_verbose_fail.txt ...
/$ test
Command not found :
test
