/a
/a/b
/a/b/c
/
/
/ (D)
\-- a (D)
    \-- b (D)
        \-- c (D)
            \-- d (D)
                \-- e (D)
                    \-- f (D)
/ (D)
\-- newa (D)
    \-- b (D)
        \-- c (D)
            \-- d (D)
                \-- e (D)
                    \-- f (D)
/ (D)
\-- newa (D)
    \-- newb (D)
        \-- newc (D)
            \-- newd (D)
                \-- newe (D)
                    \-- newf (D)
/ (D)
|-- newa (D)
|   \-- newb (D)
|       \-- newc (D)
|           \-- newd (D)
|               \-- newe (D)
|                   \-- newf (D)
\-- copya (D)
    \-- copyb (D)
        \-- copyc (D)
            \-- copyd (D)
                \-- copye (D)
                    \-- copyf (D)
/newa/newb/newc/newd/newe/newf
/ (D)
\-- newa (D)
    \-- newb (D)
        \-- newc (D)
            \-- newd (D)
                \-- newe (D)
                    \-- newf (D)
                        \-- copyb (D)
                            \-- copyc (D)
                                \-- copyd (D)
                                    \-- copye (D)
                                        \-- copyf (D)
/ (D)
|-- newa (D)
|   \-- newb (D)
|       \-- newc (D)
|           \-- newd (D)
|               \-- newe (D)
|                   \-- newf (D)
|                       \-- copyb (D)
|                           \-- copyc (D)
|                               \-- copyd (D)
|                                   \-- copye (D)
|                                       \-- copyf (D)
\-- copya (D)
    \-- copyb (D)
        \-- copyc (D)
            \-- copyd (D)
                \-- copye (D)
                    \-- copyf (D)
/ (D)
|-- newa (D)
|   \-- newb (D)
|       \-- newc (D)
|           \-- newd (D)
|               \-- newe (D)
|                   \-- newf (D)
\-- copya (D)
    \-- copyb (D)
        \-- copyc (D)
            \-- copyd (D)
                \-- copye (D)
                    \-- copyf (D)
/ (D)
