a [D]
b [D]
c [D]
d [D]
e [D]
f [D]
/ (D)
|-- a (D)
|-- b (D)
|-- c (D)
|-- d (D)
|-- e (D)
\-- f (D)
a [D]
/ (D)
\-- a (D)
    |-- f (D)
    |-- e (D)
    |-- d (D)
    |-- c (D)
    \-- b (D)
b [D]
c [D]
d [D]
e [D]
f [D]
a     [D]
copya [D]
/ (D)
|-- a (D)
|   \-- b (D)
|       \-- c (D)
|           \-- d (D)
|               \-- e (D)
|                   \-- f (D)
|-- copya (D)
|   \-- b (D)
|       \-- c (D)
|           \-- d (D)
|               \-- e (D)
|                   \-- f (D)
|-- copycopya (D)
|   \-- b (D)
|       \-- c (D)
|           \-- d (D)
|               \-- e (D)
|                   \-- f (D)
|-- copycopycopya (D)
|   \-- b (D)
|       \-- c (D)
|           \-- d (D)
|               \-- e (D)
|                   \-- f (D)
|-- copycopycopycopya (D)
|   \-- b (D)
|       \-- c (D)
|           \-- d (D)
|               \-- e (D)
|                   \-- f (D)
\-- copycopycopycopycopya (D)
    \-- b (D)
        \-- c (D)
            \-- d (D)
                \-- e (D)
                    \-- f (D)
/ (D)
|-- copya (D)
|   \-- b (D)
|       \-- c (D)
|           \-- d (D)
|               \-- e (D)
|                   \-- f (D)
|-- copycopya (D)
|   \-- b (D)
|       \-- c (D)
|           \-- d (D)
|               \-- e (D)
|                   \-- f (D)
|-- copycopycopya (D)
|   \-- b (D)
|       \-- c (D)
|           \-- d (D)
|               \-- e (D)
|                   \-- f (D)
|-- copycopycopycopya (D)
|   \-- b (D)
|       \-- c (D)
|           \-- d (D)
|               \-- e (D)
|                   \-- f (D)
\-- copycopycopycopycopya (D)
    \-- b (D)
        \-- c (D)
            \-- d (D)
                \-- e (D)
                    \-- f (D)
/ (D)
|-- copycopya (D)
|   \-- b (D)
|       \-- c (D)
|           \-- d (D)
|               \-- e (D)
|                   \-- f (D)
|-- copycopycopya (D)
|   \-- b (D)
|       \-- c (D)
|           \-- d (D)
|               \-- e (D)
|                   \-- f (D)
|-- copycopycopycopya (D)
|   \-- b (D)
|       \-- c (D)
|           \-- d (D)
|               \-- e (D)
|                   \-- f (D)
\-- copycopycopycopycopya (D)
    \-- b (D)
        \-- c (D)
            \-- d (D)
                \-- e (D)
                    \-- f (D)
/ (D)
|-- copycopycopya (D)
|   \-- b (D)
|       \-- c (D)
|           \-- d (D)
|               \-- e (D)
|                   \-- f (D)
|-- copycopycopycopya (D)
|   \-- b (D)
|       \-- c (D)
|           \-- d (D)
|               \-- e (D)
|                   \-- f (D)
\-- copycopycopycopycopya (D)
    \-- b (D)
        \-- c (D)
            \-- d (D)
                \-- e (D)
                    \-- f (D)
/ (D)
|-- copycopycopycopya (D)
|   \-- b (D)
|       \-- c (D)
|           \-- d (D)
|               \-- e (D)
|                   \-- f (D)
\-- copycopycopycopycopya (D)
    \-- b (D)
        \-- c (D)
            \-- d (D)
                \-- e (D)
                    \-- f (D)
/ (D)
\-- copycopycopycopycopya (D)
    \-- b (D)
        \-- c (D)
            \-- d (D)
                \-- e (D)
                    \-- f (D)
/ (D)
