b [D]
c [F]
d [D]
mva [F]
cpc [F]
cpc [F]
b [D]
d [D]
b [D]
mva [F]
mvd [D]
cpc [F]
