Parsing file src/resources/test_main/input/test_touch_non_alphanum_fail_verbose.txt ...
/$ touch this_Does-Bot.wor
Invalid name : the name of an element can neither be empty nor contain special characters.
