Parsing file src/resources/test_main/input/test_echo_long_name_verbose.txt ...
/$ echo 1234567890-1234567890-1234567890-1234567890-1234567890-1234567890-1234567890-1234567890-1234567890-1234567890-1234567890-1234567890-12345678901234567890-1234567890
1234567890-1234567890-1234567890-1234567890-1234567890-1234567890-1234567890-1234567890-1234567890-1234567890-1234567890-1234567890-12345678901234567890-1234567890
/$ echo py
py
/$ echo this_is_a_testthis_is_a_testthis_is_a_testthis_is_a_testthis_is_a_testthis_is_a_testthis_is_a_testthis_is_a_testthis_is_a_testthis_is_a_testthis_is_a_testthis_is_a_testthis_is_a_testthis_is_a_testthis_is_a_testthis_is_a_testthis_is_a_testthis_is_a_testthis_is_a_testthis_is_a_testthis_is_a_testthis_is_a_testthis_is_a_testthis_is_a_testthis_is_a_testthis_is_a_testthis_is_a_testthis_is_a_testthis_is_a_testthis_is_a_testthis_is_a_testthis_is_a_testthis_is_a_testthis_is_a_testthis_is_a_testthis_is_a_testthis_is_a_testthis_is_a_testthis_is_a_testthis_is_a_testthis_is_a_testthis_is_a_testthis_is_a_testthis_is_a_testthis_is_a_testthis_is_a_testthis_is_a_testthis_is_a_testthis_is_a_testthis_is_a_testthis_is_a_testthis_is_a_testthis_is_a_testthis_is_a_testthis_is_a_testthis_is_a_testthis_is_a_testthis_is_a_testthis_is_a_testthis_is_a_testthis_is_a_testthis_is_a_testthis_is_a_testthis_is_a_testthis_is_a_testthis_is_a_testthis_is_a_testthis_is_a_testthis_is_a_testthis_is_a_testthis_is_a_testthis_is_a_testthis_is_a_testthis_is_a_testthis_is_a_testthis_is_a_testthis_is_a_testthis_is_a_testthis_is_a_testthis_is_a_testthis_is_a_testthis_is_a_testthis_is_a_testthis_is_a_testthis_is_a_testthis_is_a_testthis_is_a_testthis_is_a_testthis_is_a_testthis_is_a_testthis_is_a_testthis_is_a_testthis_is_a_testthis_is_a_testthis_is_a_testthis_is_a_testthis_is_a_testthis_is_a_testthis_is_a_testthis_is_a_testthis_is_a_testthis_is_a_testthis_is_a_testthis_is_a_testthis_is_a_testthis_is_a_testthis_is_a_testthis_is_a_testthis_is_a_testthis_is_a_testthis_is_a_testthis_is_a_testthis_is_a_testthis_is_a_testthis_is_a_testthis_is_a_testthis_is_a_testthis_is_a_testthis_is_a_testthis_is_a_testthis_is_a_testthis_is_a_testthis_is_a_testthis_is_a_testthis_is_a_testthis_is_a_testthis_is_a_testthis_is_a_testthis_is_a_testthis_is_a_testthis_is_a_testthis_is_a_testthis_is_a_testthis_is_a_testthis_is_a_testthis_is_a_testthis_is_a_testthis_is_a_testthis_is_a_testthis_is_a_testthis_is_a_testthis_is_a_testthis_is_a_testthis_is_a_testthis_is_a_testthis_is_a_testthis_is_a_testthis_is_a_testthis_is_a_testthis_is_a_testthis_is_a_testthis_is_a_testthis_is_a_testthis_is_a_testthis_is_a_testthis_is_a_testthis_is_a_testthis_is_a_testthis_is_a_testthis_is_a_testthis_is_a_testthis_is_a_testthis_is_a_testthis_is_a_testthis_is_a_testthis_is_a_testthis_is_a_testthis_is_a_testthis_is_a_testthis_is_a_testthis_is_a_testthis_is_a_testthis_is_a_testthis_is_a_testthis_is_a_testthis_is_a_testthis_is_a_testthis_is_a_testthis_is_a_testthis_is_a_testthis_is_a_testthis_is_a_testthis_is_a_testthis_is_a_testthis_is_a_testthis_is_a_testthis_is_a_testthis_is_a_testthis_is_a_testthis_is_a_testthis_is_a_testthis_is_a_testthis_is_a_testthis_is_a_testthis_is_a_testthis_is_a_testthis_is_a_testthis_is_a_testthis_is_a_testthis_is_a_testthis_is_a_testthis_is_a_testthis_is_a_testthis_is_a_testthis_is_a_testthis_is_a_testthis_is_a_testthis_is_a_testthis_is_a_testthis_is_a_testthis_is_a_testthis_is_a_testthis_is_a_testthis_is_a_testthis_is_a_testthis_is_a_testthis_is_a_testthis_is_a_testthis_is_a_testthis_is_a_testthis_is_a_testthis_is_a_testthis_is_a_testthis_is_a_testthis_is_a_testthis_is_a_testthis_is_a_testthis_is_a_testthis_is_a_testthis_is_a_testthis_is_a_testthis_is_a_testthis_is_a_testthis_is_a_testthis_is_a_testthis_is_a_testthis_is_a_testthis_is_a_testthis_is_a_testthis_is_a_testthis_is_a_testthis_is_a_testthis_is_a_testthis_is_a_testthis_is_a_testthis_is_a_testthis_is_a_testthis_is_a_testthis_is_a_testthis_is_a_testthis_is_a_testthis_is_a_testthis_is_a_testthis_is_a_testthis_is_a_testthis_is_a_testthis_is_a_testthis_is_a_testthis_is_a_testthis_is_a_testthis_is_a_testthis_is_a_testthis_is_a_testthis_is_a_testthis_is_a_testthis_is_a_testthis_is_a_testthis_is_a_testthis_is_a_testthis_is_a_testthis_is_a_testthis_is_a_testthis_is_a_testthis_is_a_testthis_is_a_testthis_is_a_testthis_is_a_testthis_is_a_testthis_is_a_testthis_is_a_testthis_is_a_testthis_is_a_testthis_is_a_testthis_is_a_testthis_is_a_testthis_is_a_testthis_is_a_testthis_is_a_testthis_is_a_testthis_is_a_testthis_is_a_testthis_is_a_testth
this_is_a_testthis_is_a_testthis_is_a_testthis_is_a_testthis_is_a_testthis_is_a_testthis_is_a_testthis_is_a_testthis_is_a_testthis_is_a_testthis_is_a_testthis_is_a_testthis_is_a_testthis_is_a_testthis_is_a_testthis_is_a_testthis_is_a_testthis_is_a_testthis_is_a_testthis_is_a_testthis_is_a_testthis_is_a_testthis_is_a_testthis_is_a_testthis_is_a_testthis_is_a_testthis_is_a_testthis_is_a_testthis_is_a_testthis_is_a_testthis_is_a_testthis_is_a_testthis_is_a_testthis_is_a_testthis_is_a_testthis_is_a_testthis_is_a_testthis_is_a_testthis_is_a_testthis_is_a_testthis_is_a_testthis_is_a_testthis_is_a_testthis_is_a_testthis_is_a_testthis_is_a_testthis_is_a_testthis_is_a_testthis_is_a_testthis_is_a_testthis_is_a_testthis_is_a_testthis_is_a_testthis_is_a_testthis_is_a_testthis_is_a_testthis_is_a_testthis_is_a_testthis_is_a_testthis_is_a_testthis_is_a_testthis_is_a_testthis_is_a_testthis_is_a_testthis_is_a_testthis_is_a_testthis_is_a_testthis_is_a_testthis_is_a_testthis_is_a_testthis_is_a_testthis_is_a_testthis_is_a_testthis_is_a_testthis_is_a_testthis_is_a_testthis_is_a_testthis_is_a_testthis_is_a_testthis_is_a_testthis_is_a_testthis_is_a_testthis_is_a_testthis_is_a_testthis_is_a_testthis_is_a_testthis_is_a_testthis_is_a_testthis_is_a_testthis_is_a_testthis_is_a_testthis_is_a_testthis_is_a_testthis_is_a_testthis_is_a_testthis_is_a_testthis_is_a_testthis_is_a_testthis_is_a_testthis_is_a_testthis_is_a_testthis_is_a_testthis_is_a_testthis_is_a_testthis_is_a_testthis_is_a_testthis_is_a_testthis_is_a_testthis_is_a_testthis_is_a_testthis_is_a_testthis_is_a_testthis_is_a_testthis_is_a_testthis_is_a_testthis_is_a_testthis_is_a_testthis_is_a_testthis_is_a_testthis_is_a_testthis_is_a_testthis_is_a_testthis_is_a_testthis_is_a_testthis_is_a_testthis_is_a_testthis_is_a_testthis_is_a_testthis_is_a_testthis_is_a_testthis_is_a_testthis_is_a_testthis_is_a_testthis_is_a_testthis_is_a_testthis_is_a_testthis_is_a_testthis_is_a_testthis_is_a_testthis_is_a_testthis_is_a_testthis_is_a_testthis_is_a_testthis_is_a_testthis_is_a_testthis_is_a_testthis_is_a_testthis_is_a_testthis_is_a_testthis_is_a_testthis_is_a_testthis_is_a_testthis_is_a_testthis_is_a_testthis_is_a_testthis_is_a_testthis_is_a_testthis_is_a_testthis_is_a_testthis_is_a_testthis_is_a_testthis_is_a_testthis_is_a_testthis_is_a_testthis_is_a_testthis_is_a_testthis_is_a_testthis_is_a_testthis_is_a_testthis_is_a_testthis_is_a_testthis_is_a_testthis_is_a_testthis_is_a_testthis_is_a_testthis_is_a_testthis_is_a_testthis_is_a_testthis_is_a_testthis_is_a_testthis_is_a_testthis_is_a_testthis_is_a_testthis_is_a_testthis_is_a_testthis_is_a_testthis_is_a_testthis_is_a_testthis_is_a_testthis_is_a_testthis_is_a_testthis_is_a_testthis_is_a_testthis_is_a_testthis_is_a_testthis_is_a_testthis_is_a_testthis_is_a_testthis_is_a_testthis_is_a_testthis_is_a_testthis_is_a_testthis_is_a_testthis_is_a_testthis_is_a_testthis_is_a_testthis_is_a_testthis_is_a_testthis_is_a_testthis_is_a_testthis_is_a_testthis_is_a_testthis_is_a_testthis_is_a_testthis_is_a_testthis_is_a_testthis_is_a_testthis_is_a_testthis_is_a_testthis_is_a_testthis_is_a_testthis_is_a_testthis_is_a_testthis_is_a_testthis_is_a_testthis_is_a_testthis_is_a_testthis_is_a_testthis_is_a_testthis_is_a_testthis_is_a_testthis_is_a_testthis_is_a_testthis_is_a_testthis_is_a_testthis_is_a_testthis_is_a_testthis_is_a_testthis_is_a_testthis_is_a_testthis_is_a_testthis_is_a_testthis_is_a_testthis_is_a_testthis_is_a_testthis_is_a_testthis_is_a_testthis_is_a_testthis_is_a_testthis_is_a_testthis_is_a_testthis_is_a_testthis_is_a_testthis_is_a_testthis_is_a_testthis_is_a_testthis_is_a_testthis_is_a_testthis_is_a_testthis_is_a_testthis_is_a_testthis_is_a_testthis_is_a_testthis_is_a_testthis_is_a_testthis_is_a_testthis_is_a_testthis_is_a_testthis_is_a_testthis_is_a_testthis_is_a_testthis_is_a_testthis_is_a_testthis_is_a_testthis_is_a_testthis_is_a_testthis_is_a_testthis_is_a_testthis_is_a_testthis_is_a_testthis_is_a_testthis_is_a_testthis_is_a_testthis_is_a_testthis_is_a_testthis_is_a_testthis_is_a_testthis_is_a_testthis_is_a_testthis_is_a_testthis_is_a_testthis_is_a_testth
/$ exit
