/ (D)
|-- Rep1 (D)
|   |-- Rep11 (D)
|   |   \-- file111 (F)
|   \-- Rep12 (D)
|       |-- file121 (F)
|       \-- file122 (F)
|-- Rep2 (D)
|   |-- file21 (F)
|   \-- file22 (F)
\-- Rep3 (D)
    \-- Rep31 (D)
        |-- Rep11 (D)
        |   \-- file111 (F)
        \-- Rep12 (D)
            |-- file121 (F)
            \-- file122 (F)
Rep12  [D]
Rep311 [D]
/Rep1
Rep11 [D]
Rep12 [D]
/ (D)
|-- Rep1 (D)
|   |-- Rep11 (D)
|   |   \-- file111 (F)
|   \-- Rep12 (D)
|       |-- file121 (F)
|       \-- file122 (F)
|-- Rep2 (D)
|   |-- file21 (F)
|   \-- file22 (F)
\-- Rep3 (D)
    \-- Rep31 (D)
        |-- Rep12 (D)
        |   |-- file121 (F)
        |   \-- file122 (F)
        \-- Rep311 (D)
/ (D)
|-- Rep1 (D)
|   |-- Rep11 (D)
|   |   \-- file111 (F)
|   \-- Rep12 (D)
|       |-- file121 (F)
|       \-- file122 (F)
\-- Rep3 (D)
    \-- Rep31 (D)
        |-- Rep12 (D)
        |   |-- file121 (F)
        |   \-- file122 (F)
        \-- Rep311 (D)
