Parsing file src/resources/test_main/input/test_touch_same_name_fail_verbose.txt ...
/$ touch file
/$ touch file
Invalid name : an element with the same name already exists.
