Parsing file src/resources/test_main/input/test_cp_0_arguments_fail_verbose.txt ...
/$ cp
An incorrect number of arguments was given: 0 instead of 2 expected.
