Invalid path of directory.
Invalid path of directory.
Invalid path of directory.
Invalid path of directory.
Invalid path of directory.
Invalid path of directory.
Invalid path of directory.
Invalid path of directory.
Error while creating directory.
Error while creating directory.
