$ print
/ (D)
$ print
/ (D)
    test (D)
        test2 (F)
        test3 (D)
        test4 (F)
        test5 (D)
$ print
/ (D)
    test (D)
        test2 (F)
        test3 (D)
        test4 (F)
        test5 (D)
            test6 (F)
            test7 (D)
            test8 (F)
    test9 (F)
    test10 (D)
    test11 (D)
        test12 (F)
$ print test
Vous avez donnez un nombre incorrect d'argument : 1 au lieu de 0 attendu.
$ print test test
Vous avez donnez un nombre incorrect d'argument : 2 au lieu de 0 attendu.
