/$ print
/ (D)
|-- test (D)
|   |-- test2 (F)
|   |-- test3 (D)
|   |-- test4 (F)
|   |-- test5 (D)
|   |   |-- test6 (F)
|   |   |-- test7 (D)
|   |   \-- test8 (F)
|   \-- test9 (F)
|-- test10 (F)
|-- test11 (D)
\-- test12 (D)
    |-- test13 (F)
    |-- test14 (F)
    \-- test15 (F)
/$ mv /test/test5 /test11/test5
/$ print
/ (D)
|-- test (D)
|   |-- test2 (F)
|   |-- test3 (D)
|   |-- test4 (F)
|   \-- test9 (F)
|-- test10 (F)
|-- test11 (D)
|   \-- test5 (D)
|       |-- test6 (F)
|       |-- test7 (D)
|       \-- test8 (F)
\-- test12 (D)
    |-- test13 (F)
    |-- test14 (F)
    \-- test15 (F)
/$ mv /test /test11/test1
/$ print
/ (D)
|-- test10 (F)
|-- test11 (D)
|   |-- test5 (D)
|   |   |-- test6 (F)
|   |   |-- test7 (D)
|   |   \-- test8 (F)
|   \-- test1 (D)
|       |-- test2 (F)
|       |-- test3 (D)
|       |-- test4 (F)
|       \-- test9 (F)
\-- test12 (D)
    |-- test13 (F)
    |-- test14 (F)
    \-- test15 (F)
/$ mv /test11/test1/test9 /test34
/$ print
/ (D)
|-- test10 (F)
|-- test11 (D)
|   |-- test5 (D)
|   |   |-- test6 (F)
|   |   |-- test7 (D)
|   |   \-- test8 (F)
|   \-- test1 (D)
|       |-- test2 (F)
|       |-- test3 (D)
|       \-- test4 (F)
|-- test12 (D)
|   |-- test13 (F)
|   |-- test14 (F)
|   \-- test15 (F)
\-- test34 (F)
/$ mv /test11 /NomChange11
/$ print
/ (D)
|-- test10 (F)
|-- test12 (D)
|   |-- test13 (F)
|   |-- test14 (F)
|   \-- test15 (F)
|-- test34 (F)
\-- NomChange11 (D)
    |-- test5 (D)
    |   |-- test6 (F)
    |   |-- test7 (D)
    |   \-- test8 (F)
    \-- test1 (D)
        |-- test2 (F)
        |-- test3 (D)
        \-- test4 (F)
/$ mv /NomChange11 /test12/END
/$ print
/ (D)
|-- test10 (F)
|-- test12 (D)
|   |-- test13 (F)
|   |-- test14 (F)
|   |-- test15 (F)
|   \-- END (D)
|       |-- test5 (D)
|       |   |-- test6 (F)
|       |   |-- test7 (D)
|       |   \-- test8 (F)
|       \-- test1 (D)
|           |-- test2 (F)
|           |-- test3 (D)
|           \-- test4 (F)
\-- test34 (F)
