/$ ls test test
Vous avez donnez un nombre incorrect d'arguments : 2 au lieu d'un nombre entre 0 et 1 attendu.
/$ ls test test test
Vous avez donnez un nombre incorrect d'arguments : 3 au lieu d'un nombre entre 0 et 1 attendu.
