Invalid path of directory.
Invalid path of directory.
Invalid path of directory.
Invalid path of directory.
Invalid path of directory.
Invalid path of directory.
Invalid path of directory.
Invalid path of directory.
Invalid name : an element with the same name already exists.
Invalid name : an element with the same name already exists.
