/$ pwd
/
/test$ pwd
/test
/test/test2$ pwd
/test/test2
/test/test2/test3$ pwd
/test/test2/test3
/test/test2/test3/test4$ pwd
/test/test2/test3/test4
/test5$ pwd
/test5
/test5$ pwd test
Vous avez donnez un nombre incorrect d'argument : 1 au lieu de 0 attendu.
/test5$ pwd test test
Vous avez donnez un nombre incorrect d'argument : 2 au lieu de 0 attendu.
