Invalid path of file.
Invalid path of file.
Invalid path of file.
Invalid path of file.
Invalid path of file.
Invalid path of file.
Invalid path of file.
