Parsing file src/test/input/test_cd_go_to_previous_directory.txt ...
/$ pwd
/
/$ print
/ (D)
|-- test (D)
|   |-- test2 (F)
|   |-- test3 (D)
|   |-- test4 (F)
|   |-- test5 (D)
|   |   |-- test6 (F)
|   |   |-- test7 (D)
|   |   \-- test8 (F)
|   \-- test9 (F)
|-- test10 (F)
|-- test11 (D)
\-- test12 (D)
    |-- test13 (F)
    |-- test14 (F)
    \-- test15 (F)
/$ cd test

/test$ cd ..

/$ cd test/test3

/test/test3$ cd ..

/test$ cd .

/test$ cd test5/test7

/test/test5/test7$ cd ../..

/test$ pwd
/test
