/$ ls test4
Vous avez donné un chemin non valide.
/$ ls test1
Vous avez donné un chemin non valide.
/$ ls test11/test12
La commande ls n'est pas appliquable à ce fichier : ce n'est pas un dossier.
/$ ls test/test2
La commande ls n'est pas appliquable à ce fichier : ce n'est pas un dossier.
