An incorrect number of arguments was given: 10 instead of 0 expected.
An incorrect number of arguments was given: 9 instead of 1 expected.
An incorrect number of arguments was given: 8 instead of 2 expected.
An incorrect number of arguments was given: 7 instead of 3 expected.
An incorrect number of arguments was given: 6 instead of 4 expected.
An incorrect number of arguments was given: 4 instead of 6 expected.
An incorrect number of arguments was given: 3 instead of 7 expected.
An incorrect number of arguments was given: 2 instead of 8 expected.
An incorrect number of arguments was given: 1 instead of 9 expected.
An incorrect number of arguments was given: 0 instead of 10 expected.
