Parsing file src/test/input/test_parser.txt ...
$ debug

$ debug one
one
$ debug one two
one two
$ debug one two
one two
$ debug one two
one two
$ debug one two
one two
$ debug one two
one two
