Invalid path of directory.
Invalid name : the name of an element can neither be empty nor contain special characters.
Invalid name : the name of an element can neither be empty nor contain special characters.
Invalid name : the name of an element can neither be empty nor contain special characters.
Invalid name : the name of an element can neither be empty nor contain special characters.
Invalid name : the name of an element can neither be empty nor contain special characters.
Invalid name : the name of an element can neither be empty nor contain special characters.
Invalid name : the name of an element can neither be empty nor contain special characters.
Invalid name : an element with the same name already exists.
Invalid name : an element with the same name already exists.
