Invalid name : the name of an element can neither be empty nor contain special characters.
Invalid name : the name of an element can neither be empty nor contain special characters.
Invalid name : the name of an element can neither be empty nor contain special characters.
Invalid name : the name of an element can neither be empty nor contain special characters.
Invalid name : the name of an element can neither be empty nor contain special characters.
Invalid name : the name of an element can neither be empty nor contain special characters.
Invalid name : the name of an element can neither be empty nor contain special characters.
